// Jest Snapshot v1, https://goo.gl/fbAQLP

exports[`Pruebas en Entry component Debe de hacer match con el snapshot 1`] = `
<div class="entry-container mb-3 pointer p-2">
  <!-- titulo -->
  <div class="entry-title d-flex"><span class="text-success fs-5 fw-bold">21</span><span class="mx-1 fs-5">Enero</span><span class="mx-2 fw-light">2022, Viernes</span></div>
  <div class="entry-description">Estoy aprendiendo vuejs</div>
</div>
`;
